// Jest Snapshot v1, https://goo.gl/fbAQLP

exports[`Input should match the snapshot 1`] = `
<div>
  <div
    class="flex flex-col pb-4 relative"
  >
    <label
      for=":r7:"
    >
      Foo
    </label>
    <input
      class="border p-2"
      id=":r7:"
      name="foo"
      required=""
      type="text"
      value=""
    />
  </div>
</div>
`;
