// Jest Snapshot v1, https://goo.gl/fbAQLP

exports[`Copyright should match the snapshot 1`] = `
<div>
  <small
    class="text-nowrap"
  >
    © 2023–2024 John Doe. All rights reserved.
  </small>
</div>
`;
