// Jest Snapshot v1, https://goo.gl/fbAQLP

exports[`VideoGallery should match the snapshot 1`] = `
<div>
  <div
    class="flex flex-col gap-4"
  />
</div>
`;
